[04-Mar-2025 09:51:36 UTC] PHP Parse error:  syntax error, unexpected token "/", expecting end of file in /home/hasan/Local Sites/finsweetblogwebsite/app/public/wp-content/themes/finsweetblogsite/functions.php on line 2
[04-Mar-2025 09:51:36 UTC] PHP Warning:  Trying to access array offset on value of type bool in /home/hasan/Local Sites/finsweetblogwebsite/app/public/wp-includes/class-wp-recovery-mode-email-service.php on line 367
[04-Mar-2025 09:51:36 UTC] PHP Warning:  Trying to access array offset on value of type bool in /home/hasan/Local Sites/finsweetblogwebsite/app/public/wp-includes/class-wp-recovery-mode-email-service.php on line 368
[04-Mar-2025 10:05:11 UTC] PHP Parse error:  syntax error, unexpected token "?", expecting end of file in /home/hasan/Local Sites/finsweetblogwebsite/app/public/wp-content/themes/finsweetblogsite/index.php on line 7
[04-Mar-2025 10:05:19 UTC] PHP Parse error:  syntax error, unexpected token "?", expecting end of file in /home/hasan/Local Sites/finsweetblogwebsite/app/public/wp-content/themes/finsweetblogsite/index.php on line 7
[04-Mar-2025 10:37:06 UTC] PHP Parse error:  syntax error, unexpected end of file in /home/hasan/Local Sites/finsweetblogwebsite/app/public/wp-content/themes/finsweetblogsite/functions.php on line 11
[04-Mar-2025 10:43:07 UTC] PHP Parse error:  syntax error, unexpected token "}" in /home/hasan/Local Sites/finsweetblogwebsite/app/public/wp-content/themes/finsweetblogsite/functions.php on line 8
[04-Mar-2025 10:45:07 UTC] PHP Parse error:  syntax error, unexpected token "}" in /home/hasan/Local Sites/finsweetblogwebsite/app/public/wp-content/themes/finsweetblogsite/functions.php on line 8
[04-Mar-2025 10:45:45 UTC] PHP Parse error:  syntax error, unexpected token "}" in /home/hasan/Local Sites/finsweetblogwebsite/app/public/wp-content/themes/finsweetblogsite/functions.php on line 8
[04-Mar-2025 10:45:46 UTC] PHP Parse error:  syntax error, unexpected token "}" in /home/hasan/Local Sites/finsweetblogwebsite/app/public/wp-content/themes/finsweetblogsite/functions.php on line 8
[04-Mar-2025 10:45:56 UTC] PHP Parse error:  syntax error, unexpected token ";", expecting ")" in /home/hasan/Local Sites/finsweetblogwebsite/app/public/wp-content/themes/finsweetblogsite/functions.php on line 7
[04-Mar-2025 10:45:56 UTC] PHP Parse error:  syntax error, unexpected token ";", expecting ")" in /home/hasan/Local Sites/finsweetblogwebsite/app/public/wp-content/themes/finsweetblogsite/functions.php on line 7
[04-Mar-2025 10:46:04 UTC] PHP Parse error:  syntax error, unexpected token ";", expecting ")" in /home/hasan/Local Sites/finsweetblogwebsite/app/public/wp-content/themes/finsweetblogsite/functions.php on line 7
[04-Mar-2025 10:46:04 UTC] PHP Parse error:  syntax error, unexpected token ";", expecting ")" in /home/hasan/Local Sites/finsweetblogwebsite/app/public/wp-content/themes/finsweetblogsite/functions.php on line 7
[04-Mar-2025 10:51:08 UTC] PHP Parse error:  syntax error, unexpected token "/" in /home/hasan/Local Sites/finsweetblogwebsite/app/public/wp-content/themes/finsweetblogsite/functions.php on line 9
[04-Mar-2025 10:51:58 UTC] PHP Parse error:  syntax error, unexpected token "/" in /home/hasan/Local Sites/finsweetblogwebsite/app/public/wp-content/themes/finsweetblogsite/functions.php on line 9
[04-Mar-2025 10:51:58 UTC] PHP Parse error:  syntax error, unexpected token "/" in /home/hasan/Local Sites/finsweetblogwebsite/app/public/wp-content/themes/finsweetblogsite/functions.php on line 9
[04-Mar-2025 10:52:08 UTC] PHP Parse error:  syntax error, unexpected token "/" in /home/hasan/Local Sites/finsweetblogwebsite/app/public/wp-content/themes/finsweetblogsite/functions.php on line 9
[04-Mar-2025 10:53:08 UTC] PHP Parse error:  syntax error, unexpected token "}" in /home/hasan/Local Sites/finsweetblogwebsite/app/public/wp-content/themes/finsweetblogsite/functions.php on line 10
[04-Mar-2025 10:53:51 UTC] PHP Parse error:  syntax error, unexpected single-quoted string "./assets/css/bootstrap.min.css", expecting ")" in /home/hasan/Local Sites/finsweetblogwebsite/app/public/wp-content/themes/finsweetblogsite/functions.php on line 9
[04-Mar-2025 10:53:51 UTC] PHP Parse error:  syntax error, unexpected single-quoted string "./assets/css/bootstrap.min.css", expecting ")" in /home/hasan/Local Sites/finsweetblogwebsite/app/public/wp-content/themes/finsweetblogsite/functions.php on line 9
[04-Mar-2025 10:55:08 UTC] PHP Parse error:  syntax error, unexpected token "/" in /home/hasan/Local Sites/finsweetblogwebsite/app/public/wp-content/themes/finsweetblogsite/functions.php on line 9
[04-Mar-2025 10:57:08 UTC] PHP Parse error:  syntax error, unexpected token "/" in /home/hasan/Local Sites/finsweetblogwebsite/app/public/wp-content/themes/finsweetblogsite/functions.php on line 9
[04-Mar-2025 10:57:19 UTC] PHP Parse error:  syntax error, unexpected token "/" in /home/hasan/Local Sites/finsweetblogwebsite/app/public/wp-content/themes/finsweetblogsite/functions.php on line 9
[04-Mar-2025 10:57:19 UTC] PHP Parse error:  syntax error, unexpected token "/" in /home/hasan/Local Sites/finsweetblogwebsite/app/public/wp-content/themes/finsweetblogsite/functions.php on line 9
[04-Mar-2025 10:57:19 UTC] PHP Parse error:  syntax error, unexpected token "/" in /home/hasan/Local Sites/finsweetblogwebsite/app/public/wp-content/themes/finsweetblogsite/functions.php on line 9
[04-Mar-2025 10:57:19 UTC] PHP Parse error:  syntax error, unexpected token "/" in /home/hasan/Local Sites/finsweetblogwebsite/app/public/wp-content/themes/finsweetblogsite/functions.php on line 9
[04-Mar-2025 11:20:52 UTC] PHP Parse error:  syntax error, unexpected token "/" in /home/hasan/Local Sites/finsweetblogwebsite/app/public/wp-content/themes/finsweetblogsite/functions.php on line 8
[04-Mar-2025 11:20:52 UTC] PHP Parse error:  syntax error, unexpected token "/" in /home/hasan/Local Sites/finsweetblogwebsite/app/public/wp-content/themes/finsweetblogsite/functions.php on line 8
[05-Mar-2025 06:15:10 UTC] PHP Parse error:  syntax error, unexpected token "/" in /home/hasan/Local Sites/finsweetblogwebsite/app/public/wp-content/themes/finsweetblogsite/functions.php on line 9
[05-Mar-2025 06:15:11 UTC] PHP Parse error:  syntax error, unexpected token "/" in /home/hasan/Local Sites/finsweetblogwebsite/app/public/wp-content/themes/finsweetblogsite/functions.php on line 9
[05-Mar-2025 06:15:14 UTC] PHP Parse error:  syntax error, unexpected token "/" in /home/hasan/Local Sites/finsweetblogwebsite/app/public/wp-content/themes/finsweetblogsite/functions.php on line 9
[05-Mar-2025 06:15:14 UTC] PHP Parse error:  syntax error, unexpected token "/" in /home/hasan/Local Sites/finsweetblogwebsite/app/public/wp-content/themes/finsweetblogsite/functions.php on line 9
[05-Mar-2025 06:31:49 UTC] PHP Parse error:  syntax error, unexpected identifier "wp_register_script" in /home/hasan/Local Sites/finsweetblogwebsite/app/public/wp-content/themes/finsweetblogsite/functions.php on line 12
[05-Mar-2025 07:11:18 UTC] PHP Parse error:  syntax error, unexpected end of file, expecting "(" in /home/hasan/Local Sites/finsweetblogwebsite/app/public/wp-content/themes/finsweetblogsite/functions.php on line 27
[05-Mar-2025 07:15:54 UTC] PHP Warning:  Attempt to read property "title" on null in /home/hasan/Local Sites/finsweetblogwebsite/app/public/wp-includes/class-wp-customize-widgets.php on line 923
[05-Mar-2025 07:16:43 UTC] PHP Warning:  Attempt to read property "title" on null in /home/hasan/Local Sites/finsweetblogwebsite/app/public/wp-includes/class-wp-customize-widgets.php on line 923
[05-Mar-2025 07:17:45 UTC] PHP Parse error:  syntax error, unexpected end of file in /home/hasan/Local Sites/finsweetblogwebsite/app/public/wp-content/themes/finsweetblogsite/functions.php on line 33
[05-Mar-2025 07:19:09 UTC] PHP Warning:  Attempt to read property "title" on null in /home/hasan/Local Sites/finsweetblogwebsite/app/public/wp-includes/class-wp-customize-widgets.php on line 923
[05-Mar-2025 07:20:13 UTC] PHP Warning:  Attempt to read property "title" on null in /home/hasan/Local Sites/finsweetblogwebsite/app/public/wp-includes/class-wp-customize-widgets.php on line 923
[05-Mar-2025 07:20:42 UTC] PHP Warning:  Attempt to read property "title" on null in /home/hasan/Local Sites/finsweetblogwebsite/app/public/wp-includes/class-wp-customize-widgets.php on line 923
[05-Mar-2025 07:20:42 UTC] PHP Warning:  Attempt to read property "title" on null in /home/hasan/Local Sites/finsweetblogwebsite/app/public/wp-includes/class-wp-customize-widgets.php on line 923
[05-Mar-2025 07:55:54 UTC] PHP Warning:  Attempt to read property "title" on null in /home/hasan/Local Sites/finsweetblogwebsite/app/public/wp-includes/class-wp-customize-widgets.php on line 923
[05-Mar-2025 08:39:42 UTC] PHP Warning:  Attempt to read property "title" on null in /home/hasan/Local Sites/finsweetblogwebsite/app/public/wp-includes/class-wp-customize-widgets.php on line 923
[05-Mar-2025 08:42:44 UTC] PHP Warning:  Attempt to read property "title" on null in /home/hasan/Local Sites/finsweetblogwebsite/app/public/wp-includes/class-wp-customize-widgets.php on line 923
[05-Mar-2025 08:51:47 UTC] PHP Warning:  Attempt to read property "title" on null in /home/hasan/Local Sites/finsweetblogwebsite/app/public/wp-includes/class-wp-customize-widgets.php on line 923
[05-Mar-2025 11:42:57 UTC] PHP Warning:  Attempt to read property "title" on null in /home/hasan/Local Sites/finsweetblogwebsite/app/public/wp-includes/class-wp-customize-widgets.php on line 923
[06-Mar-2025 00:24:53 UTC] PHP Parse error:  syntax error, unexpected token "}" in /home/hasan/Local Sites/finsweetblogwebsite/app/public/wp-content/themes/finsweetblogsite/functions.php on line 24
[06-Mar-2025 00:24:53 UTC] PHP Warning:  Trying to access array offset on value of type bool in /home/hasan/Local Sites/finsweetblogwebsite/app/public/wp-includes/class-wp-recovery-mode-email-service.php on line 367
[06-Mar-2025 00:24:53 UTC] PHP Warning:  Trying to access array offset on value of type bool in /home/hasan/Local Sites/finsweetblogwebsite/app/public/wp-includes/class-wp-recovery-mode-email-service.php on line 368
[08-Mar-2025 00:28:53 UTC] PHP Parse error:  syntax error, unexpected token "<", expecting end of file in /home/hasan/Local Sites/finsweetblogwebsite/app/public/wp-content/themes/finsweetblogsite/homepage.php on line 12
[12-Mar-2025 08:54:21 UTC] PHP Fatal error:  Uncaught ArgumentCountError: Too few arguments to function register_nav_menu(), 1 passed in /home/hasan/Local Sites/finsweetblogwebsite/app/public/wp-content/themes/finsweetblogsite/functions.php on line 47 and exactly 2 expected in /home/hasan/Local Sites/finsweetblogwebsite/app/public/wp-includes/nav-menu.php:136
Stack trace:
#0 /home/hasan/Local Sites/finsweetblogwebsite/app/public/wp-content/themes/finsweetblogsite/functions.php(47): register_nav_menu(Array)
#1 /home/hasan/Local Sites/finsweetblogwebsite/app/public/wp-settings.php(672): include('/home/hasan/Loc...')
#2 /home/hasan/Local Sites/finsweetblogwebsite/app/public/wp-config.php(103): require_once('/home/hasan/Loc...')
#3 /home/hasan/Local Sites/finsweetblogwebsite/app/public/wp-load.php(50): require_once('/home/hasan/Loc...')
#4 /home/hasan/Local Sites/finsweetblogwebsite/app/public/wp-blog-header.php(13): require_once('/home/hasan/Loc...')
#5 /home/hasan/Local Sites/finsweetblogwebsite/app/public/index.php(17): require('/home/hasan/Loc...')
#6 {main}
  thrown in /home/hasan/Local Sites/finsweetblogwebsite/app/public/wp-includes/nav-menu.php on line 136
[12-Mar-2025 08:54:21 UTC] PHP Fatal error:  Uncaught ArgumentCountError: Too few arguments to function register_nav_menu(), 1 passed in /home/hasan/Local Sites/finsweetblogwebsite/app/public/wp-content/themes/finsweetblogsite/functions.php on line 47 and exactly 2 expected in /home/hasan/Local Sites/finsweetblogwebsite/app/public/wp-includes/nav-menu.php:136
Stack trace:
#0 /home/hasan/Local Sites/finsweetblogwebsite/app/public/wp-content/themes/finsweetblogsite/functions.php(47): register_nav_menu(Array)
#1 /home/hasan/Local Sites/finsweetblogwebsite/app/public/wp-settings.php(672): include('/home/hasan/Loc...')
#2 /home/hasan/Local Sites/finsweetblogwebsite/app/public/wp-config.php(103): require_once('/home/hasan/Loc...')
#3 /home/hasan/Local Sites/finsweetblogwebsite/app/public/wp-load.php(50): require_once('/home/hasan/Loc...')
#4 /home/hasan/Local Sites/finsweetblogwebsite/app/public/wp-blog-header.php(13): require_once('/home/hasan/Loc...')
#5 /home/hasan/Local Sites/finsweetblogwebsite/app/public/index.php(17): require('/home/hasan/Loc...')
#6 {main}
  thrown in /home/hasan/Local Sites/finsweetblogwebsite/app/public/wp-includes/nav-menu.php on line 136
[12-Mar-2025 08:54:40 UTC] PHP Parse error:  syntax error, unexpected token "=>" in /home/hasan/Local Sites/finsweetblogwebsite/app/public/wp-content/themes/finsweetblogsite/functions.php on line 48
[12-Mar-2025 08:54:40 UTC] PHP Warning:  Trying to access array offset on value of type bool in /home/hasan/Local Sites/finsweetblogwebsite/app/public/wp-includes/class-wp-recovery-mode-email-service.php on line 367
[12-Mar-2025 08:54:40 UTC] PHP Warning:  Trying to access array offset on value of type bool in /home/hasan/Local Sites/finsweetblogwebsite/app/public/wp-includes/class-wp-recovery-mode-email-service.php on line 368
[18-Mar-2025 05:48:54 UTC] PHP Warning:  Attempt to read property "title" on null in /home/hasan/Local Sites/finsweetblogwebsite/app/public/wp-includes/class-wp-customize-widgets.php on line 923
[18-Mar-2025 05:49:21 UTC] PHP Warning:  Attempt to read property "title" on null in /home/hasan/Local Sites/finsweetblogwebsite/app/public/wp-includes/class-wp-customize-widgets.php on line 923
[19-Mar-2025 04:37:24 UTC] PHP Warning:  Attempt to read property "title" on null in /home/hasan/Local Sites/finsweetblogwebsite/app/public/wp-includes/class-wp-customize-widgets.php on line 923
[19-Mar-2025 08:48:48 UTC] PHP Fatal error:  Uncaught TypeError: call_user_func_array(): Argument #1 ($callback) must be a valid callback, function "display_custom_dashboard" not found or invalid function name in /home/hasan/Local Sites/finsweetblogwebsite/app/public/wp-includes/class-wp-hook.php:324
Stack trace:
#0 /home/hasan/Local Sites/finsweetblogwebsite/app/public/wp-includes/class-wp-hook.php(348): WP_Hook->apply_filters('', Array)
#1 /home/hasan/Local Sites/finsweetblogwebsite/app/public/wp-includes/plugin.php(517): WP_Hook->do_action(Array)
#2 /home/hasan/Local Sites/finsweetblogwebsite/app/public/wp-admin/admin.php(259): do_action('toplevel_page_c...')
#3 {main}
  thrown in /home/hasan/Local Sites/finsweetblogwebsite/app/public/wp-includes/class-wp-hook.php on line 324
[19-Mar-2025 09:46:24 UTC] PHP Warning:  Attempt to read property "title" on null in /home/hasan/Local Sites/finsweetblogwebsite/app/public/wp-includes/class-wp-customize-widgets.php on line 923
[22-Mar-2025 10:31:50 UTC] PHP Parse error:  syntax error, unexpected token "endwhile", expecting "elseif" or "else" or "endif" in /home/hasan/Local Sites/finsweetblogwebsite/app/public/wp-content/themes/finsweetblogsite/homepage.php on line 147
[22-Mar-2025 10:32:15 UTC] PHP Parse error:  syntax error, unexpected token "endif", expecting end of file in /home/hasan/Local Sites/finsweetblogwebsite/app/public/wp-content/themes/finsweetblogsite/homepage.php on line 124
[23-Mar-2025 10:29:26 UTC] PHP Warning:  Undefined variable $category_image in /home/hasan/Local Sites/finsweetblogwebsite/app/public/wp-content/themes/finsweetblogsite/homepage.php on line 238
[23-Mar-2025 10:29:26 UTC] PHP Warning:  Trying to access array offset on value of type null in /home/hasan/Local Sites/finsweetblogwebsite/app/public/wp-content/themes/finsweetblogsite/homepage.php on line 238
[23-Mar-2025 10:29:26 UTC] PHP Warning:  Undefined variable $category_id in /home/hasan/Local Sites/finsweetblogwebsite/app/public/wp-content/themes/finsweetblogsite/homepage.php on line 241
[23-Mar-2025 10:29:26 UTC] PHP Warning:  Undefined variable $category_id in /home/hasan/Local Sites/finsweetblogwebsite/app/public/wp-content/themes/finsweetblogsite/homepage.php on line 241
[23-Mar-2025 10:29:26 UTC] PHP Warning:  Undefined variable $category_id in /home/hasan/Local Sites/finsweetblogwebsite/app/public/wp-content/themes/finsweetblogsite/homepage.php on line 241
[23-Mar-2025 10:29:26 UTC] PHP Warning:  Undefined variable $category_id in /home/hasan/Local Sites/finsweetblogwebsite/app/public/wp-content/themes/finsweetblogsite/homepage.php on line 241
[23-Mar-2025 10:45:26 UTC] PHP Fatal error:  Uncaught TypeError: Cannot access offset of type string on string in /home/hasan/Local Sites/finsweetblogwebsite/app/public/wp-content/themes/finsweetblogsite/homepage.php:241
Stack trace:
#0 /home/hasan/Local Sites/finsweetblogwebsite/app/public/wp-includes/template-loader.php(106): include()
#1 /home/hasan/Local Sites/finsweetblogwebsite/app/public/wp-blog-header.php(19): require_once('/home/hasan/Loc...')
#2 /home/hasan/Local Sites/finsweetblogwebsite/app/public/index.php(17): require('/home/hasan/Loc...')
#3 {main}
  thrown in /home/hasan/Local Sites/finsweetblogwebsite/app/public/wp-content/themes/finsweetblogsite/homepage.php on line 241
[23-Mar-2025 10:46:40 UTC] PHP Fatal error:  Uncaught TypeError: Cannot access offset of type string on string in /home/hasan/Local Sites/finsweetblogwebsite/app/public/wp-content/themes/finsweetblogsite/homepage.php:241
Stack trace:
#0 /home/hasan/Local Sites/finsweetblogwebsite/app/public/wp-includes/template-loader.php(106): include()
#1 /home/hasan/Local Sites/finsweetblogwebsite/app/public/wp-blog-header.php(19): require_once('/home/hasan/Loc...')
#2 /home/hasan/Local Sites/finsweetblogwebsite/app/public/index.php(17): require('/home/hasan/Loc...')
#3 {main}
  thrown in /home/hasan/Local Sites/finsweetblogwebsite/app/public/wp-content/themes/finsweetblogsite/homepage.php on line 241
[23-Mar-2025 10:46:52 UTC] PHP Fatal error:  Uncaught TypeError: Cannot access offset of type string on string in /home/hasan/Local Sites/finsweetblogwebsite/app/public/wp-content/themes/finsweetblogsite/homepage.php:241
Stack trace:
#0 /home/hasan/Local Sites/finsweetblogwebsite/app/public/wp-includes/template-loader.php(106): include()
#1 /home/hasan/Local Sites/finsweetblogwebsite/app/public/wp-blog-header.php(19): require_once('/home/hasan/Loc...')
#2 /home/hasan/Local Sites/finsweetblogwebsite/app/public/index.php(17): require('/home/hasan/Loc...')
#3 {main}
  thrown in /home/hasan/Local Sites/finsweetblogwebsite/app/public/wp-content/themes/finsweetblogsite/homepage.php on line 241
[23-Mar-2025 10:46:58 UTC] PHP Fatal error:  Uncaught TypeError: Cannot access offset of type string on string in /home/hasan/Local Sites/finsweetblogwebsite/app/public/wp-content/themes/finsweetblogsite/homepage.php:241
Stack trace:
#0 /home/hasan/Local Sites/finsweetblogwebsite/app/public/wp-includes/template-loader.php(106): include()
#1 /home/hasan/Local Sites/finsweetblogwebsite/app/public/wp-blog-header.php(19): require_once('/home/hasan/Loc...')
#2 /home/hasan/Local Sites/finsweetblogwebsite/app/public/index.php(17): require('/home/hasan/Loc...')
#3 {main}
  thrown in /home/hasan/Local Sites/finsweetblogwebsite/app/public/wp-content/themes/finsweetblogsite/homepage.php on line 241
[23-Mar-2025 10:48:16 UTC] PHP Fatal error:  Uncaught TypeError: ltrim(): Argument #1 ($string) must be of type string, array given in /home/hasan/Local Sites/finsweetblogwebsite/app/public/wp-includes/formatting.php:4467
Stack trace:
#0 /home/hasan/Local Sites/finsweetblogwebsite/app/public/wp-includes/formatting.php(4467): ltrim(Array)
#1 /home/hasan/Local Sites/finsweetblogwebsite/app/public/wp-content/themes/finsweetblogsite/homepage.php(250): esc_url(Array)
#2 /home/hasan/Local Sites/finsweetblogwebsite/app/public/wp-includes/template-loader.php(106): include('/home/hasan/Loc...')
#3 /home/hasan/Local Sites/finsweetblogwebsite/app/public/wp-blog-header.php(19): require_once('/home/hasan/Loc...')
#4 /home/hasan/Local Sites/finsweetblogwebsite/app/public/index.php(17): require('/home/hasan/Loc...')
#5 {main}
  thrown in /home/hasan/Local Sites/finsweetblogwebsite/app/public/wp-includes/formatting.php on line 4467
[23-Mar-2025 10:48:26 UTC] PHP Fatal error:  Uncaught TypeError: ltrim(): Argument #1 ($string) must be of type string, array given in /home/hasan/Local Sites/finsweetblogwebsite/app/public/wp-includes/formatting.php:4467
Stack trace:
#0 /home/hasan/Local Sites/finsweetblogwebsite/app/public/wp-includes/formatting.php(4467): ltrim(Array)
#1 /home/hasan/Local Sites/finsweetblogwebsite/app/public/wp-content/themes/finsweetblogsite/homepage.php(250): esc_url(Array)
#2 /home/hasan/Local Sites/finsweetblogwebsite/app/public/wp-includes/template-loader.php(106): include('/home/hasan/Loc...')
#3 /home/hasan/Local Sites/finsweetblogwebsite/app/public/wp-blog-header.php(19): require_once('/home/hasan/Loc...')
#4 /home/hasan/Local Sites/finsweetblogwebsite/app/public/index.php(17): require('/home/hasan/Loc...')
#5 {main}
  thrown in /home/hasan/Local Sites/finsweetblogwebsite/app/public/wp-includes/formatting.php on line 4467
[23-Mar-2025 10:48:37 UTC] PHP Fatal error:  Uncaught TypeError: ltrim(): Argument #1 ($string) must be of type string, array given in /home/hasan/Local Sites/finsweetblogwebsite/app/public/wp-includes/formatting.php:4467
Stack trace:
#0 /home/hasan/Local Sites/finsweetblogwebsite/app/public/wp-includes/formatting.php(4467): ltrim(Array)
#1 /home/hasan/Local Sites/finsweetblogwebsite/app/public/wp-content/themes/finsweetblogsite/homepage.php(250): esc_url(Array)
#2 /home/hasan/Local Sites/finsweetblogwebsite/app/public/wp-includes/template-loader.php(106): include('/home/hasan/Loc...')
#3 /home/hasan/Local Sites/finsweetblogwebsite/app/public/wp-blog-header.php(19): require_once('/home/hasan/Loc...')
#4 /home/hasan/Local Sites/finsweetblogwebsite/app/public/index.php(17): require('/home/hasan/Loc...')
#5 {main}
  thrown in /home/hasan/Local Sites/finsweetblogwebsite/app/public/wp-includes/formatting.php on line 4467
[23-Mar-2025 10:49:24 UTC] PHP Fatal error:  Uncaught TypeError: ltrim(): Argument #1 ($string) must be of type string, array given in /home/hasan/Local Sites/finsweetblogwebsite/app/public/wp-includes/formatting.php:4467
Stack trace:
#0 /home/hasan/Local Sites/finsweetblogwebsite/app/public/wp-includes/formatting.php(4467): ltrim(Array)
#1 /home/hasan/Local Sites/finsweetblogwebsite/app/public/wp-content/themes/finsweetblogsite/homepage.php(250): esc_url(Array)
#2 /home/hasan/Local Sites/finsweetblogwebsite/app/public/wp-includes/template-loader.php(106): include('/home/hasan/Loc...')
#3 /home/hasan/Local Sites/finsweetblogwebsite/app/public/wp-blog-header.php(19): require_once('/home/hasan/Loc...')
#4 /home/hasan/Local Sites/finsweetblogwebsite/app/public/index.php(17): require('/home/hasan/Loc...')
#5 {main}
  thrown in /home/hasan/Local Sites/finsweetblogwebsite/app/public/wp-includes/formatting.php on line 4467
[23-Mar-2025 10:49:28 UTC] PHP Fatal error:  Uncaught TypeError: ltrim(): Argument #1 ($string) must be of type string, array given in /home/hasan/Local Sites/finsweetblogwebsite/app/public/wp-includes/formatting.php:4467
Stack trace:
#0 /home/hasan/Local Sites/finsweetblogwebsite/app/public/wp-includes/formatting.php(4467): ltrim(Array)
#1 /home/hasan/Local Sites/finsweetblogwebsite/app/public/wp-content/themes/finsweetblogsite/homepage.php(250): esc_url(Array)
#2 /home/hasan/Local Sites/finsweetblogwebsite/app/public/wp-includes/template-loader.php(106): include('/home/hasan/Loc...')
#3 /home/hasan/Local Sites/finsweetblogwebsite/app/public/wp-blog-header.php(19): require_once('/home/hasan/Loc...')
#4 /home/hasan/Local Sites/finsweetblogwebsite/app/public/index.php(17): require('/home/hasan/Loc...')
#5 {main}
  thrown in /home/hasan/Local Sites/finsweetblogwebsite/app/public/wp-includes/formatting.php on line 4467
[23-Mar-2025 10:49:35 UTC] PHP Fatal error:  Uncaught TypeError: ltrim(): Argument #1 ($string) must be of type string, array given in /home/hasan/Local Sites/finsweetblogwebsite/app/public/wp-includes/formatting.php:4467
Stack trace:
#0 /home/hasan/Local Sites/finsweetblogwebsite/app/public/wp-includes/formatting.php(4467): ltrim(Array)
#1 /home/hasan/Local Sites/finsweetblogwebsite/app/public/wp-content/themes/finsweetblogsite/homepage.php(250): esc_url(Array)
#2 /home/hasan/Local Sites/finsweetblogwebsite/app/public/wp-includes/template-loader.php(106): include('/home/hasan/Loc...')
#3 /home/hasan/Local Sites/finsweetblogwebsite/app/public/wp-blog-header.php(19): require_once('/home/hasan/Loc...')
#4 /home/hasan/Local Sites/finsweetblogwebsite/app/public/index.php(17): require('/home/hasan/Loc...')
#5 {main}
  thrown in /home/hasan/Local Sites/finsweetblogwebsite/app/public/wp-includes/formatting.php on line 4467
[23-Mar-2025 10:49:39 UTC] PHP Fatal error:  Uncaught TypeError: ltrim(): Argument #1 ($string) must be of type string, array given in /home/hasan/Local Sites/finsweetblogwebsite/app/public/wp-includes/formatting.php:4467
Stack trace:
#0 /home/hasan/Local Sites/finsweetblogwebsite/app/public/wp-includes/formatting.php(4467): ltrim(Array)
#1 /home/hasan/Local Sites/finsweetblogwebsite/app/public/wp-content/themes/finsweetblogsite/homepage.php(250): esc_url(Array)
#2 /home/hasan/Local Sites/finsweetblogwebsite/app/public/wp-includes/template-loader.php(106): include('/home/hasan/Loc...')
#3 /home/hasan/Local Sites/finsweetblogwebsite/app/public/wp-blog-header.php(19): require_once('/home/hasan/Loc...')
#4 /home/hasan/Local Sites/finsweetblogwebsite/app/public/index.php(17): require('/home/hasan/Loc...')
#5 {main}
  thrown in /home/hasan/Local Sites/finsweetblogwebsite/app/public/wp-includes/formatting.php on line 4467
[23-Mar-2025 10:50:24 UTC] PHP Warning:  Undefined variable $category in /home/hasan/Local Sites/finsweetblogwebsite/app/public/wp-content/themes/finsweetblogsite/homepage.php on line 232
[23-Mar-2025 10:50:24 UTC] PHP Warning:  Attempt to read property "term_id" on null in /home/hasan/Local Sites/finsweetblogwebsite/app/public/wp-content/themes/finsweetblogsite/homepage.php on line 232
[23-Mar-2025 10:50:54 UTC] PHP Warning:  Undefined variable $category in /home/hasan/Local Sites/finsweetblogwebsite/app/public/wp-content/themes/finsweetblogsite/homepage.php on line 232
[23-Mar-2025 10:50:54 UTC] PHP Warning:  Attempt to read property "term_id" on null in /home/hasan/Local Sites/finsweetblogwebsite/app/public/wp-content/themes/finsweetblogsite/homepage.php on line 232
[23-Mar-2025 10:50:57 UTC] PHP Warning:  Undefined variable $category in /home/hasan/Local Sites/finsweetblogwebsite/app/public/wp-content/themes/finsweetblogsite/homepage.php on line 232
[23-Mar-2025 10:50:57 UTC] PHP Warning:  Attempt to read property "term_id" on null in /home/hasan/Local Sites/finsweetblogwebsite/app/public/wp-content/themes/finsweetblogsite/homepage.php on line 232
[23-Mar-2025 10:50:58 UTC] PHP Warning:  Undefined variable $category in /home/hasan/Local Sites/finsweetblogwebsite/app/public/wp-content/themes/finsweetblogsite/homepage.php on line 232
[23-Mar-2025 10:50:58 UTC] PHP Warning:  Attempt to read property "term_id" on null in /home/hasan/Local Sites/finsweetblogwebsite/app/public/wp-content/themes/finsweetblogsite/homepage.php on line 232
[23-Mar-2025 10:51:09 UTC] PHP Warning:  Undefined variable $category in /home/hasan/Local Sites/finsweetblogwebsite/app/public/wp-content/themes/finsweetblogsite/homepage.php on line 232
[23-Mar-2025 10:51:09 UTC] PHP Warning:  Attempt to read property "term_id" on null in /home/hasan/Local Sites/finsweetblogwebsite/app/public/wp-content/themes/finsweetblogsite/homepage.php on line 232
[23-Mar-2025 10:51:10 UTC] PHP Warning:  Undefined variable $category in /home/hasan/Local Sites/finsweetblogwebsite/app/public/wp-content/themes/finsweetblogsite/homepage.php on line 232
[23-Mar-2025 10:51:10 UTC] PHP Warning:  Attempt to read property "term_id" on null in /home/hasan/Local Sites/finsweetblogwebsite/app/public/wp-content/themes/finsweetblogsite/homepage.php on line 232
[23-Mar-2025 10:51:11 UTC] PHP Warning:  Undefined variable $category in /home/hasan/Local Sites/finsweetblogwebsite/app/public/wp-content/themes/finsweetblogsite/homepage.php on line 232
[23-Mar-2025 10:51:11 UTC] PHP Warning:  Attempt to read property "term_id" on null in /home/hasan/Local Sites/finsweetblogwebsite/app/public/wp-content/themes/finsweetblogsite/homepage.php on line 232
[23-Mar-2025 10:52:29 UTC] PHP Warning:  Undefined variable $category in /home/hasan/Local Sites/finsweetblogwebsite/app/public/wp-content/themes/finsweetblogsite/homepage.php on line 232
[23-Mar-2025 10:52:29 UTC] PHP Warning:  Attempt to read property "term_id" on null in /home/hasan/Local Sites/finsweetblogwebsite/app/public/wp-content/themes/finsweetblogsite/homepage.php on line 232
